=== START pass_sweep 2026-08-05T15:35:42+02:00 ===
/home/sebas/Documents/university/TUM/Master/SS26/MAADR/lsy_drone_racing/.pixi/envs/gpu/lib/python3.13/site-packages/jax/_src/abstract_arrays.py:145: RuntimeWarning: overflow encountered in cast
  return literals.TypedNdArray(np.asarray(x, dtype))
--- seed 1000 done (1/40) ---
opp_progress=0.1    opp_t=nan  oppOK=0%  overtake=100%(live 100%)  ours=100%+-0pp  t=5.38s  n=1
opp_progress=0.2    opp_t=nan  oppOK=0%  overtake=0%(live 0%)  ours=0%+-0pp  t=nans  n=1
opp_progress=0.4    opp_t=nan  oppOK=0%  overtake=0%(live 0%)  ours=0%+-0pp  t=nans  n=1
opp_progress=0.6    opp_t=nan  oppOK=0%  overtake=100%(live 100%)  ours=100%+-0pp  t=5.28s  n=1
opp_progress=0.8    opp_t=5.10  oppOK=100%  overtake=0%(live 0%)  ours=100%+-0pp  t=5.48s  n=1
opp_progress=1.0    opp_t=5.28  oppOK=100%  overtake=0%(live 0%)  ours=100%+-0pp  t=5.56s  n=1
opp_progress=1.5    opp_t=nan  oppOK=0%  overtake=0%(live 0%)  ours=0%+-0pp  t=nans  n=1
--- seed 1001 done (2/40) ---
opp_progress=0.1    opp_t=nan  oppOK=0%  overtake=50%(live 50%)  ours=50%+-35pp  t=5.38s  n=2
opp_progress=0.2    opp_t=9.54  oppOK=50%  overtake=0%(live 0%)  ours=0%+-0pp  t=nans  n=2
opp_progress=0.4    opp_t=nan  oppOK=0%  overtake=50%(live 50%)  ours=50%+-35pp  t=4.92s  n=2
opp_progress=0.6    opp_t=nan  oppOK=0%  overtake=100%(live 100%)  ours=100%+-0pp  t=4.92s  n=2
opp_progress=0.8    opp_t=5.10  oppOK=50%  overtake=0%(live 0%)  ours=50%+-35pp  t=5.48s  n=2
opp_progress=1.0    opp_t=5.28  oppOK=50%  overtake=0%(live 0%)  ours=50%+-35pp  t=5.56s  n=2
opp_progress=1.5    opp_t=nan  oppOK=0%  overtake=0%(live 0%)  ours=0%+-0pp  t=nans  n=2
--- seed 1002 done (3/40) ---
opp_progress=0.1    opp_t=nan  oppOK=0%  overtake=33%(live 33%)  ours=33%+-27pp  t=5.38s  n=3
opp_progress=0.2    opp_t=9.54  oppOK=33%  overtake=0%(live 0%)  ours=0%+-0pp  t=nans  n=3
opp_progress=0.4    opp_t=nan  oppOK=0%  overtake=33%(live 33%)  ours=33%+-27pp  t=4.92s  n=3
opp_progress=0.6    opp_t=nan  oppOK=0%  overtake=67%(live 67%)  ours=67%+-27pp  t=4.92s  n=3
opp_progress=0.8    opp_t=5.48  oppOK=67%  overtake=0%(live 0%)  ours=33%+-27pp  t=5.48s  n=3
opp_progress=1.0    opp_t=5.28  oppOK=33%  overtake=0%(live 0%)  ours=33%+-27pp  t=5.56s  n=3
opp_progress=1.5    opp_t=4.38  oppOK=33%  overtake=0%(live 0%)  ours=33%+-27pp  t=4.96s  n=3
--- seed 1003 done (4/40) ---
opp_progress=0.1    opp_t=nan  oppOK=0%  overtake=50%(live 50%)  ours=50%+-25pp  t=5.41s  n=4
opp_progress=0.2    opp_t=9.54  oppOK=25%  overtake=25%(live 25%)  ours=25%+-22pp  t=4.82s  n=4
opp_progress=0.4    opp_t=nan  oppOK=0%  overtake=25%(live 25%)  ours=25%+-22pp  t=4.92s  n=4
opp_progress=0.6    opp_t=nan  oppOK=0%  overtake=75%(live 75%)  ours=75%+-22pp  t=4.89s  n=4
opp_progress=0.8    opp_t=5.48  oppOK=50%  overtake=25%(live 25%)  ours=50%+-25pp  t=5.01s  n=4
opp_progress=1.0    opp_t=5.28  oppOK=25%  overtake=0%(live 0%)  ours=25%+-22pp  t=5.56s  n=4
opp_progress=1.5    opp_t=4.42  oppOK=50%  overtake=0%(live 0%)  ours=25%+-22pp  t=4.96s  n=4
--- seed 1004 done (5/40) ---
opp_progress=0.1    opp_t=nan  oppOK=0%  overtake=60%(live 60%)  ours=60%+-22pp  t=5.27s  n=5
opp_progress=0.2    opp_t=9.54  oppOK=20%  overtake=40%(live 40%)  ours=40%+-22pp  t=4.88s  n=5
opp_progress=0.4    opp_t=nan  oppOK=0%  overtake=20%(live 20%)  ours=20%+-18pp  t=4.92s  n=5
opp_progress=0.6    opp_t=nan  oppOK=0%  overtake=80%(live 80%)  ours=80%+-18pp  t=4.90s  n=5
opp_progress=0.8    opp_t=5.48  oppOK=40%  overtake=40%(live 40%)  ours=60%+-22pp  t=5.05s  n=5
opp_progress=1.0    opp_t=5.05  oppOK=40%  overtake=0%(live 0%)  ours=40%+-22pp  t=5.40s  n=5
opp_progress=1.5    opp_t=4.42  oppOK=40%  overtake=20%(live 20%)  ours=40%+-22pp  t=5.00s  n=5
--- seed 1005 done (6/40) ---
opp_progress=0.1    opp_t=nan  oppOK=0%  overtake=50%(live 50%)  ours=50%+-20pp  t=5.27s  n=6
opp_progress=0.2    opp_t=9.54  oppOK=17%  overtake=33%(live 33%)  ours=33%+-19pp  t=4.88s  n=6
opp_progress=0.4    opp_t=nan  oppOK=0%  overtake=17%(live 17%)  ours=17%+-15pp  t=4.92s  n=6
opp_progress=0.6    opp_t=nan  oppOK=0%  overtake=67%(live 67%)  ours=67%+-19pp  t=4.90s  n=6
opp_progress=0.8    opp_t=5.48  oppOK=33%  overtake=33%(live 33%)  ours=50%+-20pp  t=5.05s  n=6
opp_progress=1.0    opp_t=5.02  oppOK=50%  overtake=0%(live 0%)  ours=50%+-20pp  t=5.56s  n=6
opp_progress=1.5    opp_t=4.42  oppOK=33%  overtake=33%(live 17%)  ours=50%+-20pp  t=5.06s  n=6
--- seed 1006 done (7/40) ---
opp_progress=0.1    opp_t=nan  oppOK=0%  overtake=57%(live 57%)  ours=57%+-19pp  t=5.24s  n=7
opp_progress=0.2    opp_t=9.54  oppOK=14%  overtake=43%(live 43%)  ours=43%+-19pp  t=4.94s  n=7
opp_progress=0.4    opp_t=nan  oppOK=0%  overtake=29%(live 29%)  ours=29%+-17pp  t=4.95s  n=7
opp_progress=0.6    opp_t=6.54  oppOK=14%  overtake=57%(live 57%)  ours=57%+-19pp  t=4.90s  n=7
opp_progress=0.8    opp_t=5.57  oppOK=43%  overtake=29%(live 29%)  ours=43%+-19pp  t=5.05s  n=7
opp_progress=1.0    opp_t=5.02  oppOK=43%  overtake=14%(live 14%)  ours=57%+-19pp  t=5.47s  n=7
opp_progress=1.5    opp_t=4.42  oppOK=29%  overtake=29%(live 14%)  ours=43%+-19pp  t=5.06s  n=7
--- seed 1007 done (8/40) ---
opp_progress=0.1    opp_t=nan  oppOK=0%  overtake=50%(live 50%)  ours=50%+-18pp  t=5.24s  n=8
opp_progress=0.2    opp_t=9.54  oppOK=12%  overtake=50%(live 50%)  ours=50%+-18pp  t=5.00s  n=8
opp_progress=0.4    opp_t=10.96  oppOK=12%  overtake=25%(live 25%)  ours=25%+-15pp  t=4.95s  n=8
opp_progress=0.6    opp_t=6.54  oppOK=12%  overtake=62%(live 62%)  ours=62%+-17pp  t=4.88s  n=8
opp_progress=0.8    opp_t=5.57  oppOK=38%  overtake=25%(live 25%)  ours=38%+-17pp  t=5.05s  n=8
opp_progress=1.0    opp_t=5.02  oppOK=38%  overtake=25%(live 25%)  ours=62%+-17pp  t=5.55s  n=8
opp_progress=1.5    opp_t=4.42  oppOK=25%  overtake=25%(live 12%)  ours=38%+-17pp  t=5.06s  n=8
--- seed 1008 done (9/40) ---
opp_progress=0.1    opp_t=nan  oppOK=0%  overtake=56%(live 56%)  ours=56%+-17pp  t=5.34s  n=9
opp_progress=0.2    opp_t=9.54  oppOK=11%  overtake=56%(live 56%)  ours=56%+-17pp  t=5.12s  n=9
opp_progress=0.4    opp_t=9.65  oppOK=22%  overtake=22%(live 22%)  ours=22%+-14pp  t=4.95s  n=9
opp_progress=0.6    opp_t=6.54  oppOK=11%  overtake=56%(live 56%)  ours=56%+-17pp  t=4.88s  n=9
opp_progress=0.8    opp_t=5.75  oppOK=44%  overtake=22%(live 22%)  ours=33%+-16pp  t=5.05s  n=9
opp_progress=1.0    opp_t=5.02  oppOK=33%  overtake=22%(live 22%)  ours=56%+-17pp  t=5.55s  n=9
opp_progress=1.5    opp_t=4.42  oppOK=22%  overtake=33%(live 22%)  ours=44%+-17pp  t=4.96s  n=9
--- seed 1009 done (10/40) ---
opp_progress=0.1    opp_t=6.58  oppOK=10%  overtake=50%(live 50%)  ours=60%+-15pp  t=5.60s  n=10
opp_progress=0.2    opp_t=9.54  oppOK=10%  overtake=50%(live 50%)  ours=50%+-16pp  t=5.12s  n=10
opp_progress=0.4    opp_t=8.16  oppOK=30%  overtake=20%(live 20%)  ours=20%+-13pp  t=4.95s  n=10
opp_progress=0.6    opp_t=6.54  oppOK=10%  overtake=50%(live 50%)  ours=50%+-16pp  t=4.88s  n=10
opp_progress=0.8    opp_t=5.54  oppOK=50%  overtake=20%(live 20%)  ours=40%+-15pp  t=5.19s  n=10
opp_progress=1.0    opp_t=4.91  oppOK=40%  overtake=20%(live 20%)  ours=60%+-15pp  t=5.44s  n=10
opp_progress=1.5    opp_t=4.42  oppOK=20%  overtake=40%(live 20%)  ours=50%+-16pp  t=5.03s  n=10
--- seed 1010 done (11/40) ---
opp_progress=0.1    opp_t=6.58  oppOK=9%  overtake=45%(live 45%)  ours=55%+-15pp  t=5.60s  n=11
opp_progress=0.2    opp_t=9.54  oppOK=9%  overtake=45%(live 45%)  ours=45%+-15pp  t=5.12s  n=11
opp_progress=0.4    opp_t=8.16  oppOK=27%  overtake=18%(live 18%)  ours=18%+-12pp  t=4.95s  n=11
opp_progress=0.6    opp_t=6.54  oppOK=9%  overtake=55%(live 55%)  ours=55%+-15pp  t=4.87s  n=11
opp_progress=0.8    opp_t=5.36  oppOK=55%  overtake=18%(live 18%)  ours=45%+-15pp  t=5.17s  n=11
opp_progress=1.0    opp_t=4.91  oppOK=36%  overtake=27%(live 27%)  ours=64%+-15pp  t=5.43s  n=11
opp_progress=1.5    opp_t=4.58  oppOK=27%  overtake=36%(live 18%)  ours=55%+-15pp  t=5.14s  n=11
--- seed 1011 done (12/40) ---
opp_progress=0.1    opp_t=6.58  oppOK=8%  overtake=42%(live 42%)  ours=50%+-14pp  t=5.60s  n=12
opp_progress=0.2    opp_t=9.54  oppOK=8%  overtake=42%(live 42%)  ours=42%+-14pp  t=5.12s  n=12
opp_progress=0.4    opp_t=8.16  oppOK=25%  overtake=17%(live 17%)  ours=17%+-11pp  t=4.95s  n=12
opp_progress=0.6    opp_t=6.54  oppOK=8%  overtake=50%(live 50%)  ours=50%+-14pp  t=4.87s  n=12
opp_progress=0.8    opp_t=5.36  oppOK=50%  overtake=17%(live 17%)  ours=42%+-14pp  t=5.17s  n=12
opp_progress=1.0    opp_t=4.91  oppOK=33%  overtake=25%(live 25%)  ours=58%+-14pp  t=5.43s  n=12
opp_progress=1.5    opp_t=4.58  oppOK=25%  overtake=33%(live 17%)  ours=50%+-14pp  t=5.14s  n=12
--- seed 1012 done (13/40) ---
opp_progress=0.1    opp_t=6.58  oppOK=8%  overtake=38%(live 38%)  ours=46%+-14pp  t=5.60s  n=13
opp_progress=0.2    opp_t=9.54  oppOK=8%  overtake=38%(live 38%)  ours=38%+-13pp  t=5.12s  n=13
opp_progress=0.4    opp_t=7.35  oppOK=31%  overtake=15%(live 15%)  ours=23%+-12pp  t=5.05s  n=13
opp_progress=0.6    opp_t=6.54  oppOK=8%  overtake=46%(live 46%)  ours=46%+-14pp  t=4.87s  n=13
opp_progress=0.8    opp_t=5.25  oppOK=54%  overtake=15%(live 15%)  ours=46%+-14pp  t=5.14s  n=13
opp_progress=1.0    opp_t=4.91  oppOK=31%  overtake=31%(live 31%)  ours=62%+-13pp  t=5.33s  n=13
opp_progress=1.5    opp_t=4.58  oppOK=31%  overtake=31%(live 15%)  ours=54%+-14pp  t=5.12s  n=13
--- seed 1013 done (14/40) ---
opp_progress=0.1    opp_t=6.58  oppOK=7%  overtake=36%(live 36%)  ours=43%+-13pp  t=5.60s  n=14
opp_progress=0.2    opp_t=9.54  oppOK=7%  overtake=36%(live 36%)  ours=36%+-13pp  t=5.12s  n=14
opp_progress=0.4    opp_t=7.35  oppOK=29%  overtake=14%(live 14%)  ours=21%+-11pp  t=5.05s  n=14
opp_progress=0.6    opp_t=6.54  oppOK=7%  overtake=50%(live 50%)  ours=50%+-13pp  t=4.84s  n=14
opp_progress=0.8    opp_t=5.25  oppOK=50%  overtake=14%(live 14%)  ours=43%+-13pp  t=5.14s  n=14
opp_progress=1.0    opp_t=4.87  oppOK=36%  overtake=29%(live 29%)  ours=64%+-13pp  t=5.30s  n=14
opp_progress=1.5    opp_t=4.58  oppOK=29%  overtake=29%(live 14%)  ours=50%+-13pp  t=5.12s  n=14
--- seed 1014 done (15/40) ---
opp_progress=0.1    opp_t=6.58  oppOK=7%  overtake=33%(live 33%)  ours=40%+-13pp  t=5.60s  n=15
opp_progress=0.2    opp_t=9.54  oppOK=7%  overtake=40%(live 40%)  ours=40%+-13pp  t=5.04s  n=15
opp_progress=0.4    opp_t=7.35  oppOK=27%  overtake=13%(live 13%)  ours=20%+-10pp  t=5.05s  n=15
opp_progress=0.6    opp_t=6.54  oppOK=7%  overtake=47%(live 47%)  ours=47%+-13pp  t=4.84s  n=15
opp_progress=0.8    opp_t=5.25  oppOK=47%  overtake=13%(live 13%)  ours=40%+-13pp  t=5.14s  n=15
opp_progress=1.0    opp_t=4.86  oppOK=40%  overtake=27%(live 27%)  ours=67%+-12pp  t=5.28s  n=15
opp_progress=1.5    opp_t=4.60  oppOK=33%  overtake=27%(live 13%)  ours=53%+-13pp  t=5.11s  n=15
--- seed 1015 done (16/40) ---
opp_progress=0.1    opp_t=6.58  oppOK=6%  overtake=38%(live 38%)  ours=44%+-12pp  t=5.45s  n=16
opp_progress=0.2    opp_t=9.54  oppOK=6%  overtake=44%(live 44%)  ours=44%+-12pp  t=4.96s  n=16
opp_progress=0.4    opp_t=7.36  oppOK=31%  overtake=12%(live 12%)  ours=19%+-10pp  t=5.05s  n=16
opp_progress=0.6    opp_t=6.54  oppOK=12%  overtake=44%(live 44%)  ours=44%+-12pp  t=4.84s  n=16
opp_progress=0.8    opp_t=5.25  oppOK=44%  overtake=12%(live 12%)  ours=38%+-12pp  t=5.14s  n=16
opp_progress=1.0    opp_t=4.99  oppOK=44%  overtake=25%(live 25%)  ours=62%+-12pp  t=5.28s  n=16
opp_progress=1.5    opp_t=4.61  oppOK=38%  overtake=25%(live 12%)  ours=56%+-12pp  t=5.12s  n=16
--- seed 1016 done (17/40) ---
opp_progress=0.1    opp_t=6.58  oppOK=6%  overtake=35%(live 35%)  ours=41%+-12pp  t=5.45s  n=17
opp_progress=0.2    opp_t=9.54  oppOK=6%  overtake=41%(live 41%)  ours=41%+-12pp  t=4.96s  n=17
opp_progress=0.4    opp_t=7.03  oppOK=35%  overtake=12%(live 12%)  ours=24%+-10pp  t=5.24s  n=17
opp_progress=0.6    opp_t=6.54  oppOK=12%  overtake=47%(live 47%)  ours=47%+-12pp  t=4.95s  n=17
opp_progress=0.8    opp_t=5.26  oppOK=47%  overtake=12%(live 12%)  ours=41%+-12pp  t=5.21s  n=17
opp_progress=1.0    opp_t=4.98  oppOK=47%  overtake=24%(live 24%)  ours=65%+-12pp  t=5.30s  n=17
opp_progress=1.5    opp_t=4.62  oppOK=41%  overtake=24%(live 12%)  ours=59%+-12pp  t=5.13s  n=17
--- seed 1017 done (18/40) ---
opp_progress=0.1    opp_t=6.58  oppOK=6%  overtake=39%(live 33%)  ours=44%+-12pp  t=5.37s  n=18
opp_progress=0.2    opp_t=9.54  oppOK=6%  overtake=44%(live 39%)  ours=44%+-12pp  t=4.99s  n=18
opp_progress=0.4    opp_t=7.03  oppOK=33%  overtake=17%(live 11%)  ours=28%+-11pp  t=5.08s  n=18
opp_progress=0.6    opp_t=6.54  oppOK=11%  overtake=50%(live 50%)  ours=50%+-12pp  t=4.97s  n=18
opp_progress=0.8    opp_t=5.26  oppOK=44%  overtake=17%(live 17%)  ours=44%+-12pp  t=5.17s  n=18
opp_progress=1.0    opp_t=4.98  oppOK=44%  overtake=28%(live 28%)  ours=67%+-11pp  t=5.24s  n=18
opp_progress=1.5    opp_t=4.62  oppOK=39%  overtake=28%(live 11%)  ours=61%+-11pp  t=5.10s  n=18
--- seed 1018 done (19/40) ---
opp_progress=0.1    opp_t=6.58  oppOK=5%  overtake=42%(live 37%)  ours=47%+-11pp  t=5.35s  n=19
opp_progress=0.2    opp_t=9.54  oppOK=5%  overtake=42%(live 37%)  ours=42%+-11pp  t=4.99s  n=19
opp_progress=0.4    opp_t=6.74  oppOK=37%  overtake=16%(live 11%)  ours=32%+-11pp  t=5.13s  n=19
opp_progress=0.6    opp_t=6.54  oppOK=11%  overtake=47%(live 47%)  ours=47%+-11pp  t=4.97s  n=19
opp_progress=0.8    opp_t=5.26  oppOK=42%  overtake=21%(live 21%)  ours=47%+-11pp  t=5.16s  n=19
opp_progress=1.0    opp_t=5.14  oppOK=47%  overtake=26%(live 26%)  ours=63%+-11pp  t=5.24s  n=19
opp_progress=1.5    opp_t=4.71  oppOK=42%  overtake=26%(live 11%)  ours=63%+-11pp  t=5.17s  n=19
--- seed 1019 done (20/40) ---
opp_progress=0.1    opp_t=6.58  oppOK=5%  overtake=45%(live 40%)  ours=50%+-11pp  t=5.30s  n=20
opp_progress=0.2    opp_t=9.54  oppOK=5%  overtake=40%(live 35%)  ours=40%+-11pp  t=4.99s  n=20
opp_progress=0.4    opp_t=6.74  oppOK=35%  overtake=15%(live 10%)  ours=30%+-10pp  t=5.13s  n=20
opp_progress=0.6    opp_t=6.54  oppOK=10%  overtake=45%(live 45%)  ours=45%+-11pp  t=4.97s  n=20
opp_progress=0.8    opp_t=5.23  oppOK=45%  overtake=20%(live 20%)  ours=50%+-11pp  t=5.19s  n=20
opp_progress=1.0    opp_t=5.09  oppOK=50%  overtake=25%(live 25%)  ours=65%+-11pp  t=5.23s  n=20
opp_progress=1.5    opp_t=4.71  oppOK=40%  overtake=25%(live 10%)  ours=60%+-11pp  t=5.17s  n=20
--- seed 1020 done (21/40) ---
opp_progress=0.1    opp_t=6.58  oppOK=5%  overtake=48%(live 43%)  ours=52%+-11pp  t=5.22s  n=21
opp_progress=0.2    opp_t=9.54  oppOK=5%  overtake=43%(live 38%)  ours=43%+-11pp  t=5.00s  n=21
opp_progress=0.4    opp_t=6.74  oppOK=33%  overtake=19%(live 14%)  ours=33%+-10pp  t=5.04s  n=21
opp_progress=0.6    opp_t=6.54  oppOK=10%  overtake=48%(live 48%)  ours=48%+-11pp  t=4.93s  n=21
opp_progress=0.8    opp_t=5.30  oppOK=48%  overtake=19%(live 19%)  ours=48%+-11pp  t=5.19s  n=21
opp_progress=1.0    opp_t=5.09  oppOK=48%  overtake=29%(live 29%)  ours=67%+-10pp  t=5.19s  n=21
opp_progress=1.5    opp_t=4.71  oppOK=38%  overtake=29%(live 14%)  ours=62%+-11pp  t=5.11s  n=21
--- seed 1021 done (22/40) ---
opp_progress=0.1    opp_t=6.58  oppOK=5%  overtake=45%(live 41%)  ours=50%+-11pp  t=5.22s  n=22
opp_progress=0.2    opp_t=9.54  oppOK=5%  overtake=41%(live 36%)  ours=41%+-10pp  t=5.00s  n=22
opp_progress=0.4    opp_t=6.74  oppOK=32%  overtake=18%(live 14%)  ours=32%+-10pp  t=5.04s  n=22
opp_progress=0.6    opp_t=6.01  oppOK=14%  overtake=45%(live 45%)  ours=50%+-11pp  t=4.96s  n=22
opp_progress=0.8    opp_t=5.25  oppOK=50%  overtake=18%(live 18%)  ours=50%+-11pp  t=5.17s  n=22
opp_progress=1.0    opp_t=5.09  oppOK=45%  overtake=27%(live 27%)  ours=64%+-10pp  t=5.19s  n=22
opp_progress=1.5    opp_t=4.68  oppOK=41%  overtake=27%(live 14%)  ours=64%+-10pp  t=5.11s  n=22
--- seed 1022 done (23/40) ---
opp_progress=0.1    opp_t=6.58  oppOK=4%  overtake=48%(live 43%)  ours=52%+-10pp  t=5.18s  n=23
opp_progress=0.2    opp_t=9.54  oppOK=4%  overtake=43%(live 39%)  ours=43%+-10pp  t=4.95s  n=23
opp_progress=0.4    opp_t=6.74  oppOK=30%  overtake=22%(live 17%)  ours=35%+-10pp  t=4.99s  n=23
opp_progress=0.6    opp_t=6.15  oppOK=17%  overtake=43%(live 43%)  ours=48%+-10pp  t=4.96s  n=23
opp_progress=0.8    opp_t=5.25  oppOK=48%  overtake=22%(live 22%)  ours=52%+-10pp  t=5.16s  n=23
opp_progress=1.0    opp_t=5.09  oppOK=43%  overtake=26%(live 26%)  ours=61%+-10pp  t=5.19s  n=23
opp_progress=1.5    opp_t=4.69  oppOK=43%  overtake=26%(live 13%)  ours=65%+-10pp  t=5.12s  n=23
--- seed 1023 done (24/40) ---
opp_progress=0.1    opp_t=6.58  oppOK=4%  overtake=50%(live 46%)  ours=54%+-10pp  t=5.17s  n=24
opp_progress=0.2    opp_t=9.54  oppOK=4%  overtake=46%(live 42%)  ours=46%+-10pp  t=4.97s  n=24
opp_progress=0.4    opp_t=6.50  oppOK=33%  overtake=21%(live 17%)  ours=38%+-10pp  t=5.01s  n=24
opp_progress=0.6    opp_t=5.92  oppOK=21%  overtake=42%(live 42%)  ours=50%+-10pp  t=4.99s  n=24
opp_progress=0.8    opp_t=5.25  oppOK=46%  overtake=21%(live 21%)  ours=50%+-10pp  t=5.16s  n=24
opp_progress=1.0    opp_t=5.09  oppOK=46%  overtake=25%(live 25%)  ours=62%+-10pp  t=5.21s  n=24
opp_progress=1.5    opp_t=4.67  oppOK=46%  overtake=25%(live 12%)  ours=67%+-10pp  t=5.12s  n=24
--- seed 1024 done (25/40) ---
opp_progress=0.1    opp_t=6.58  oppOK=4%  overtake=52%(live 48%)  ours=56%+-10pp  t=5.11s  n=25
opp_progress=0.2    opp_t=9.54  oppOK=4%  overtake=48%(live 44%)  ours=48%+-10pp  t=4.96s  n=25
opp_progress=0.4    opp_t=6.50  oppOK=32%  overtake=24%(live 20%)  ours=40%+-10pp  t=4.95s  n=25
opp_progress=0.6    opp_t=5.92  oppOK=20%  overtake=44%(live 44%)  ours=52%+-10pp  t=4.95s  n=25
opp_progress=0.8    opp_t=5.25  oppOK=44%  overtake=24%(live 24%)  ours=52%+-10pp  t=5.13s  n=25
opp_progress=1.0    opp_t=5.12  oppOK=48%  overtake=24%(live 24%)  ours=60%+-10pp  t=5.21s  n=25
opp_progress=1.5    opp_t=4.67  oppOK=44%  overtake=24%(live 12%)  ours=64%+-10pp  t=5.12s  n=25
--- seed 1025 done (26/40) ---
opp_progress=0.1    opp_t=8.26  oppOK=8%  overtake=50%(live 46%)  ours=54%+-10pp  t=5.11s  n=26
opp_progress=0.2    opp_t=9.54  oppOK=4%  overtake=46%(live 42%)  ours=46%+-10pp  t=4.96s  n=26
opp_progress=0.4    opp_t=6.50  oppOK=31%  overtake=27%(live 23%)  ours=42%+-10pp  t=4.92s  n=26
opp_progress=0.6    opp_t=5.92  oppOK=19%  overtake=42%(live 42%)  ours=50%+-10pp  t=4.95s  n=26
opp_progress=0.8    opp_t=5.20  oppOK=46%  overtake=23%(live 23%)  ours=54%+-10pp  t=5.12s  n=26
opp_progress=1.0    opp_t=5.13  oppOK=50%  overtake=23%(live 23%)  ours=62%+-10pp  t=5.24s  n=26
opp_progress=1.5    opp_t=4.67  oppOK=42%  overtake=23%(live 12%)  ours=62%+-10pp  t=5.12s  n=26
--- seed 1026 done (27/40) ---
opp_progress=0.1    opp_t=8.26  oppOK=7%  overtake=48%(live 44%)  ours=52%+-10pp  t=5.11s  n=27
opp_progress=0.2    opp_t=9.54  oppOK=4%  overtake=44%(live 41%)  ours=44%+-10pp  t=4.96s  n=27
opp_progress=0.4    opp_t=6.50  oppOK=30%  overtake=26%(live 22%)  ours=41%+-9pp  t=4.92s  n=27
opp_progress=0.6    opp_t=5.84  oppOK=22%  overtake=41%(live 41%)  ours=52%+-10pp  t=5.01s  n=27
opp_progress=0.8    opp_t=5.20  oppOK=48%  overtake=22%(live 22%)  ours=56%+-10pp  t=5.15s  n=27
opp_progress=1.0    opp_t=5.13  oppOK=48%  overtake=22%(live 22%)  ours=59%+-9pp  t=5.24s  n=27
opp_progress=1.5    opp_t=4.66  oppOK=44%  overtake=22%(live 11%)  ours=63%+-9pp  t=5.15s  n=27
--- seed 1027 done (28/40) ---
opp_progress=0.1    opp_t=8.26  oppOK=7%  overtake=46%(live 43%)  ours=50%+-9pp  t=5.11s  n=28
opp_progress=0.2    opp_t=9.77  oppOK=7%  overtake=43%(live 39%)  ours=43%+-9pp  t=4.96s  n=28
opp_progress=0.4    opp_t=6.50  oppOK=29%  overtake=29%(live 25%)  ours=43%+-9pp  t=4.93s  n=28
opp_progress=0.6    opp_t=5.84  oppOK=21%  overtake=39%(live 39%)  ours=50%+-9pp  t=5.01s  n=28
opp_progress=0.8    opp_t=5.20  oppOK=46%  overtake=21%(live 21%)  ours=54%+-9pp  t=5.15s  n=28
opp_progress=1.0    opp_t=5.12  oppOK=50%  overtake=21%(live 21%)  ours=61%+-9pp  t=5.24s  n=28
opp_progress=1.5    opp_t=4.66  oppOK=43%  overtake=25%(live 14%)  ours=64%+-9pp  t=5.14s  n=28
--- seed 1028 done (29/40) ---
opp_progress=0.1    opp_t=8.26  oppOK=7%  overtake=48%(live 45%)  ours=52%+-9pp  t=5.10s  n=29
opp_progress=0.2    opp_t=9.77  oppOK=7%  overtake=41%(live 38%)  ours=41%+-9pp  t=4.96s  n=29
opp_progress=0.4    opp_t=6.50  oppOK=28%  overtake=28%(live 24%)  ours=41%+-9pp  t=4.93s  n=29
opp_progress=0.6    opp_t=5.87  oppOK=24%  overtake=38%(live 38%)  ours=48%+-9pp  t=5.01s  n=29
opp_progress=0.8    opp_t=5.18  oppOK=48%  overtake=21%(live 21%)  ours=55%+-9pp  t=5.17s  n=29
opp_progress=1.0    opp_t=5.10  oppOK=52%  overtake=21%(live 21%)  ours=62%+-9pp  t=5.24s  n=29
opp_progress=1.5    opp_t=4.66  oppOK=41%  overtake=24%(live 14%)  ours=62%+-9pp  t=5.14s  n=29
--- seed 1029 done (30/40) ---
opp_progress=0.1    opp_t=7.31  oppOK=10%  overtake=47%(live 43%)  ours=53%+-9pp  t=5.15s  n=30
opp_progress=0.2    opp_t=9.77  oppOK=7%  overtake=40%(live 37%)  ours=40%+-9pp  t=4.96s  n=30
opp_progress=0.4    opp_t=6.49  oppOK=30%  overtake=27%(live 23%)  ours=43%+-9pp  t=5.09s  n=30
opp_progress=0.6    opp_t=5.87  oppOK=23%  overtake=40%(live 40%)  ours=50%+-9pp  t=5.10s  n=30
opp_progress=0.8    opp_t=5.18  oppOK=47%  overtake=20%(live 20%)  ours=53%+-9pp  t=5.17s  n=30
opp_progress=1.0    opp_t=5.10  oppOK=50%  overtake=23%(live 20%)  ours=63%+-9pp  t=5.28s  n=30
opp_progress=1.5    opp_t=4.66  oppOK=43%  overtake=23%(live 13%)  ours=63%+-9pp  t=5.21s  n=30
--- seed 1030 done (31/40) ---
opp_progress=0.1    opp_t=7.31  oppOK=10%  overtake=45%(live 42%)  ours=52%+-9pp  t=5.15s  n=31
opp_progress=0.2    opp_t=9.77  oppOK=6%  overtake=39%(live 35%)  ours=39%+-9pp  t=4.96s  n=31
opp_progress=0.4    opp_t=6.49  oppOK=29%  overtake=26%(live 23%)  ours=42%+-9pp  t=5.09s  n=31
opp_progress=0.6    opp_t=5.87  oppOK=23%  overtake=39%(live 39%)  ours=48%+-9pp  t=5.10s  n=31
opp_progress=0.8    opp_t=5.18  oppOK=45%  overtake=19%(live 19%)  ours=52%+-9pp  t=5.17s  n=31
opp_progress=1.0    opp_t=5.10  oppOK=48%  overtake=23%(live 19%)  ours=61%+-9pp  t=5.28s  n=31
opp_progress=1.5    opp_t=4.66  oppOK=42%  overtake=26%(live 16%)  ours=65%+-9pp  t=5.17s  n=31
--- seed 1031 done (32/40) ---
opp_progress=0.1    opp_t=7.31  oppOK=9%  overtake=47%(live 44%)  ours=53%+-9pp  t=5.13s  n=32
opp_progress=0.2    opp_t=9.77  oppOK=6%  overtake=38%(live 34%)  ours=38%+-9pp  t=4.96s  n=32
opp_progress=0.4    opp_t=6.49  oppOK=28%  overtake=28%(live 25%)  ours=44%+-9pp  t=5.06s  n=32
opp_progress=0.6    opp_t=5.87  oppOK=22%  overtake=38%(live 38%)  ours=47%+-9pp  t=5.10s  n=32
opp_progress=0.8    opp_t=5.18  oppOK=44%  overtake=19%(live 19%)  ours=50%+-9pp  t=5.17s  n=32
opp_progress=1.0    opp_t=5.10  oppOK=47%  overtake=22%(live 19%)  ours=59%+-9pp  t=5.28s  n=32
opp_progress=1.5    opp_t=4.68  oppOK=44%  overtake=25%(live 16%)  ours=66%+-8pp  t=5.18s  n=32
--- seed 1032 done (33/40) ---
opp_progress=0.1    opp_t=7.31  oppOK=9%  overtake=45%(live 42%)  ours=52%+-9pp  t=5.13s  n=33
opp_progress=0.2    opp_t=10.08  oppOK=9%  overtake=36%(live 33%)  ours=36%+-8pp  t=4.96s  n=33
opp_progress=0.4    opp_t=6.49  oppOK=27%  overtake=27%(live 24%)  ours=42%+-9pp  t=5.06s  n=33
opp_progress=0.6    opp_t=5.80  oppOK=24%  overtake=36%(live 36%)  ours=48%+-9pp  t=5.13s  n=33
opp_progress=0.8    opp_t=5.18  oppOK=42%  overtake=21%(live 21%)  ours=52%+-9pp  t=5.14s  n=33
opp_progress=1.0    opp_t=5.10  oppOK=45%  overtake=21%(live 18%)  ours=58%+-9pp  t=5.28s  n=33
opp_progress=1.5    opp_t=4.71  oppOK=45%  overtake=24%(live 15%)  ours=64%+-8pp  t=5.18s  n=33
--- seed 1033 done (34/40) ---
opp_progress=0.1    opp_t=7.31  oppOK=9%  overtake=47%(live 44%)  ours=53%+-9pp  t=5.16s  n=34
opp_progress=0.2    opp_t=10.08  oppOK=9%  overtake=38%(live 35%)  ours=38%+-8pp  t=4.95s  n=34
opp_progress=0.4    opp_t=6.49  oppOK=26%  overtake=29%(live 26%)  ours=44%+-9pp  t=5.03s  n=34
opp_progress=0.6    opp_t=5.80  oppOK=24%  overtake=35%(live 35%)  ours=47%+-9pp  t=5.13s  n=34
opp_progress=0.8    opp_t=5.18  oppOK=41%  overtake=24%(live 24%)  ours=53%+-9pp  t=5.11s  n=34
opp_progress=1.0    opp_t=5.05  oppOK=47%  overtake=21%(live 18%)  ours=59%+-8pp  t=5.25s  n=34
opp_progress=1.5    opp_t=4.71  oppOK=44%  overtake=24%(live 15%)  ours=62%+-8pp  t=5.18s  n=34
--- seed 1034 done (35/40) ---
opp_progress=0.1    opp_t=7.31  oppOK=9%  overtake=49%(live 46%)  ours=54%+-8pp  t=5.14s  n=35
opp_progress=0.2    opp_t=10.08  oppOK=9%  overtake=40%(live 37%)  ours=40%+-8pp  t=4.94s  n=35
opp_progress=0.4    opp_t=6.49  oppOK=26%  overtake=29%(live 26%)  ours=43%+-8pp  t=5.03s  n=35
opp_progress=0.6    opp_t=5.80  oppOK=23%  overtake=34%(live 34%)  ours=46%+-8pp  t=5.13s  n=35
opp_progress=0.8    opp_t=5.18  oppOK=40%  overtake=23%(live 23%)  ours=51%+-8pp  t=5.11s  n=35
opp_progress=1.0    opp_t=5.05  oppOK=46%  overtake=20%(live 17%)  ours=57%+-8pp  t=5.25s  n=35
opp_progress=1.5    opp_t=4.71  oppOK=43%  overtake=26%(live 14%)  ours=63%+-8pp  t=5.18s  n=35
--- seed 1035 done (36/40) ---
opp_progress=0.1    opp_t=7.31  oppOK=8%  overtake=50%(live 47%)  ours=56%+-8pp  t=5.16s  n=36
opp_progress=0.2    opp_t=10.08  oppOK=8%  overtake=42%(live 39%)  ours=42%+-8pp  t=4.94s  n=36
opp_progress=0.4    opp_t=6.49  oppOK=25%  overtake=31%(live 28%)  ours=44%+-8pp  t=5.02s  n=36
opp_progress=0.6    opp_t=5.80  oppOK=22%  overtake=36%(live 36%)  ours=47%+-8pp  t=5.10s  n=36
opp_progress=0.8    opp_t=5.15  oppOK=42%  overtake=22%(live 22%)  ours=53%+-8pp  t=5.13s  n=36
opp_progress=1.0    opp_t=5.05  oppOK=44%  overtake=22%(live 19%)  ours=58%+-8pp  t=5.23s  n=36
opp_progress=1.5    opp_t=4.71  oppOK=42%  overtake=28%(live 14%)  ours=64%+-8pp  t=5.18s  n=36
--- seed 1036 done (37/40) ---
opp_progress=0.1    opp_t=7.31  oppOK=8%  overtake=51%(live 49%)  ours=57%+-8pp  t=5.12s  n=37
opp_progress=0.2    opp_t=10.08  oppOK=8%  overtake=43%(live 41%)  ours=43%+-8pp  t=4.91s  n=37
opp_progress=0.4    opp_t=6.53  oppOK=27%  overtake=30%(live 27%)  ours=43%+-8pp  t=5.02s  n=37
opp_progress=0.6    opp_t=5.82  oppOK=24%  overtake=35%(live 35%)  ours=46%+-8pp  t=5.10s  n=37
opp_progress=0.8    opp_t=5.15  oppOK=41%  overtake=24%(live 24%)  ours=54%+-8pp  t=5.09s  n=37
opp_progress=1.0    opp_t=5.05  oppOK=43%  overtake=24%(live 22%)  ours=59%+-8pp  t=5.20s  n=37
opp_progress=1.5    opp_t=4.71  oppOK=41%  overtake=30%(live 16%)  ours=65%+-8pp  t=5.16s  n=37
--- seed 1037 done (38/40) ---
opp_progress=0.1    opp_t=7.31  oppOK=8%  overtake=50%(live 47%)  ours=55%+-8pp  t=5.12s  n=38
opp_progress=0.2    opp_t=10.08  oppOK=8%  overtake=42%(live 39%)  ours=42%+-8pp  t=4.91s  n=38
opp_progress=0.4    opp_t=6.53  oppOK=26%  overtake=32%(live 29%)  ours=45%+-8pp  t=5.03s  n=38
opp_progress=0.6    opp_t=5.82  oppOK=24%  overtake=37%(live 37%)  ours=47%+-8pp  t=5.08s  n=38
opp_progress=0.8    opp_t=5.13  oppOK=42%  overtake=24%(live 24%)  ours=55%+-8pp  t=5.10s  n=38
opp_progress=1.0    opp_t=5.05  oppOK=42%  overtake=24%(live 21%)  ours=58%+-8pp  t=5.20s  n=38
opp_progress=1.5    opp_t=4.70  oppOK=42%  overtake=29%(live 16%)  ours=66%+-8pp  t=5.15s  n=38
--- seed 1038 done (39/40) ---
opp_progress=0.1    opp_t=7.31  oppOK=8%  overtake=51%(live 49%)  ours=56%+-8pp  t=5.12s  n=39
opp_progress=0.2    opp_t=8.96  oppOK=10%  overtake=41%(live 38%)  ours=44%+-8pp  t=4.97s  n=39
opp_progress=0.4    opp_t=6.40  oppOK=28%  overtake=31%(live 28%)  ours=46%+-8pp  t=5.06s  n=39
opp_progress=0.6    opp_t=5.82  oppOK=23%  overtake=36%(live 36%)  ours=46%+-8pp  t=5.08s  n=39
opp_progress=0.8    opp_t=5.13  oppOK=41%  overtake=26%(live 26%)  ours=56%+-8pp  t=5.11s  n=39
opp_progress=1.0    opp_t=5.05  oppOK=41%  overtake=23%(live 21%)  ours=56%+-8pp  t=5.20s  n=39
opp_progress=1.5    opp_t=4.70  oppOK=41%  overtake=31%(live 15%)  ours=67%+-8pp  t=5.16s  n=39
--- seed 1039 done (40/40) ---
opp_progress=0.1    opp_t=8.48  oppOK=10%  overtake=50%(live 48%)  ours=55%+-8pp  t=5.12s  n=40
opp_progress=0.2    opp_t=9.27  oppOK=12%  overtake=40%(live 38%)  ours=42%+-8pp  t=4.97s  n=40
opp_progress=0.4    opp_t=6.43  oppOK=30%  overtake=30%(live 28%)  ours=45%+-8pp  t=5.06s  n=40
opp_progress=0.6    opp_t=5.84  oppOK=25%  overtake=35%(live 35%)  ours=45%+-8pp  t=5.08s  n=40
opp_progress=0.8    opp_t=5.14  oppOK=42%  overtake=25%(live 25%)  ours=55%+-8pp  t=5.11s  n=40
opp_progress=1.0    opp_t=5.03  oppOK=42%  overtake=22%(live 20%)  ours=55%+-8pp  t=5.20s  n=40
opp_progress=1.5    opp_t=4.69  oppOK=42%  overtake=30%(live 15%)  ours=65%+-8pp  t=5.16s  n=40

summary -> /home/sebas/Documents/university/TUM/Master/SS26/MAADR/lsy_drone_racing/sweep_opp_progress_2026-08-05_15-35-47.csv
per-run  -> /home/sebas/Documents/university/TUM/Master/SS26/MAADR/lsy_drone_racing/sweep_opp_progress_2026-08-05_15-35-47_runs.csv
0
=== DONE pass_sweep rc=0 2026-08-05T19:16:01+02:00 ===
